// Jest Snapshot v1, https://goo.gl/fbAQLP

exports[`ArgumentPage should render successfully 1`] = `
<Loader
  isLoading={true}
/>
`;
