// Jest Snapshot v1, https://goo.gl/fbAQLP

exports[`PopularOpinion should render correctly 1`] = `
<ListGroup
  bsClass="list-group"
>
  <ListGroupItem
    bsClass="list-group-item"
    listItem={false}
  >
    <p
      className="popularOpinionSummary"
    >
      testFirstName believes it is generally well known that test3.
                        testFirstName has provided the following explanation to prove this:
    </p>
    <p
      className="argumentExplanation"
    >
      "testExplanation"
    </p>
  </ListGroupItem>
  <ArgumentSources
    argument={
      Object {
        "agreesWithCQ": true,
        "argumentType": "PopularOpinion",
        "createdBy": Object {
          "authorities": Array [
            "ROLE_ADMIN",
          ],
          "firstName": "testFirstName",
          "id": "testId",
          "lastName": "testLastName",
          "username": "testUsername",
        },
        "creationDateTime": 1551716401541,
        "criticalQuestionId": "CQ1",
        "explanation": "testExplanation",
        "id": "testId",
        "isAnonymous": false,
        "isSupporting": true,
        "lastUpdatedDateTime": 1551716402000,
        "parentArgumentId": "testParentArgumentId",
        "rootPetitionId": "testRootPetitionId",
        "sources": Array [],
        "subCriticalQuestionId": null,
      }
    }
  />
  <ContentPreviewBtns
    parentArgId="testParentArgumentId"
    showPetition={[MockFunction]}
  />
</ListGroup>
`;
