// Jest Snapshot v1, https://goo.gl/fbAQLP

exports[`ParentArgumentBtn should render nothing 1`] = `""`;

exports[`ParentArgumentBtn should render successfully 1`] = `
<Button
  active={false}
  block={false}
  bsClass="btn"
  bsStyle="default"
  disabled={false}
  onClick={[Function]}
  style={
    Object {
      "marginRight": "10px",
    }
  }
>
  Parent Argument
</Button>
`;
