// Jest Snapshot v1, https://goo.gl/fbAQLP

exports[`DeleteAccountHelp should render successfully 1`] = `
<div
  className="secondaryPageContainerStyle"
>
  <div
    className="centerStyle"
  >
    <h2>
      Deleting your Account
    </h2>
    <p>
      Understand how to create delete your account.
    </p>
  </div>
  <div
    className="titleContentPadding"
  >
    <Grid
      bsClass="container"
      className="divNoPadding"
      componentClass="div"
      fluid={false}
    >
      <Row
        bsClass="row"
        componentClass="div"
      >
        <Col
          bsClass="col"
          componentClass="div"
          lg={12}
          md={12}
        >
          <div>
            <h4
              style={
                Object {
                  "margin": 0,
                }
              }
            >
              How to delete your account
            </h4>
            <hr
              className="helpHr"
            />
            <p>
              1. Go to the 
              <Link
                replace={false}
                to="/settings"
              >
                settings page
              </Link>
              . The link is found on the top navigation bar.
            </p>
            <div
              className="centerStyle"
              style={
                Object {
                  "paddingBottom": "15px",
                }
              }
            >
              <img
                alt="Settings Link"
                src="settings-link.png"
                style={
                  Object {
                    "align": "center",
                    "maxWidth": "25%",
                    "minWidth": "350px",
                  }
                }
              />
            </div>
            <p>
              2. Click on "Delete Account" link and then click on the "Delete Account" button.
            </p>
            <div
              className="centerStyle"
              style={
                Object {
                  "paddingBottom": "20px",
                }
              }
            >
              <img
                alt="Delete Account Screen"
                src="delete-account-screen.png"
                style={
                  Object {
                    "align": "center",
                    "maxWidth": "25%",
                    "minWidth": "350px",
                  }
                }
              />
            </div>
            <p>
              3. A dialog will be displayed to confirm whether you want to delete your account where clicking on "Yes" will delete the account. Below shows an image of the expected confirmation dialog.
            </p>
            <div
              className="centerStyle"
              style={
                Object {
                  "paddingBottom": "20px",
                  "paddingTop": "20px",
                }
              }
            >
              <img
                alt="Example of a delete confirmation dialog"
                src="are-you-sure.png"
                style={
                  Object {
                    "align": "center",
                    "maxWidth": "30%",
                    "minWidth": "350px",
                  }
                }
              />
            </div>
            <p>
              4. If the deletion is successful then you will be shown a confirmation screen, otherwise an error screen will be displayed.
            </p>
            <div
              className="centerStyle"
              style={
                Object {
                  "paddingTop": "20px",
                }
              }
            >
              <Grid
                bsClass="container"
                className="divNoPadding"
                componentClass="div"
                fluid={false}
              >
                <Row
                  bsClass="row"
                  componentClass="div"
                >
                  <Col
                    bsClass="col"
                    componentClass="div"
                    lg={6}
                    md={6}
                  >
                    <Uncontrolled(Panel)>
                      <PanelHeading
                        bsClass="panel"
                        componentClass="div"
                      >
                        <PanelTitle
                          bsClass="panel"
                          componentClass="div"
                        >
                          If successful
                        </PanelTitle>
                      </PanelHeading>
                      <PanelBody
                        bsClass="panel"
                        className="centerStyle"
                        collapsible={false}
                      >
                        <img
                          alt="Successful Account Deletion Screen"
                          src="successful-account-deletion.png"
                          style={
                            Object {
                              "align": "center",
                              "width": "320px",
                            }
                          }
                        />
                      </PanelBody>
                    </Uncontrolled(Panel)>
                  </Col>
                  <Col
                    bsClass="col"
                    componentClass="div"
                    lg={6}
                    md={6}
                  >
                    <Uncontrolled(Panel)>
                      <PanelHeading
                        bsClass="panel"
                        componentClass="div"
                      >
                        <PanelTitle
                          bsClass="panel"
                          componentClass="div"
                        >
                          If unsuccessful
                        </PanelTitle>
                      </PanelHeading>
                      <PanelBody
                        bsClass="panel"
                        className="centerStyle"
                        collapsible={false}
                      >
                        <img
                          alt="Unsuccessful Account Deletion Screen"
                          src="unsuccessful-account-deletion.png"
                          style={
                            Object {
                              "align": "center",
                              "width": "320px",
                            }
                          }
                        />
                      </PanelBody>
                    </Uncontrolled(Panel)>
                  </Col>
                </Row>
              </Grid>
            </div>
          </div>
          <BackButton
            link="/help/account"
          />
        </Col>
      </Row>
    </Grid>
  </div>
</div>
`;
