// Jest Snapshot v1, https://goo.gl/fbAQLP

exports[`LoginHelp should render successfully 1`] = `
<div
  className="secondaryPageContainerStyle"
>
  <div
    className="centerStyle"
  >
    <h2>
      Logging In
    </h2>
    <p>
      Understand how to log in into you account.
    </p>
  </div>
  <div
    className="titleContentPadding"
  >
    <Grid
      bsClass="container"
      className="divNoPadding"
      componentClass="div"
      fluid={false}
    >
      <Row
        bsClass="row"
        componentClass="div"
      >
        <Col
          bsClass="col"
          componentClass="div"
          lg={12}
          md={12}
        >
          <div>
            <h4
              style={
                Object {
                  "margin": 0,
                }
              }
            >
              How to login
            </h4>
            <hr
              className="helpHr"
            />
            <p>
              1. Go to the 
              <Link
                replace={false}
                to="/login"
              >
                login page
              </Link>
              . This link is found on the top navigation bar.
            </p>
            <div
              className="centerStyle"
              style={
                Object {
                  "paddingBottom": "20px",
                  "paddingTop": "20px",
                }
              }
            >
              <img
                alt="Login Link"
                src="login-link.png"
                style={
                  Object {
                    "align": "center",
                    "maxWidth": "20%",
                    "minWidth": "200px",
                  }
                }
              />
            </div>
            <p>
              2. On this page, enter the username and password of the account you want to login to. Then click on the "Login" button to login into the account.
            </p>
            <div
              className="centerStyle"
              style={
                Object {
                  "paddingBottom": "20px",
                  "paddingTop": "20px",
                }
              }
            >
              <img
                alt="Login Page"
                src="login-page.png"
                style={
                  Object {
                    "align": "center",
                    "maxWidth": "40%",
                    "minWidth": "350px",
                  }
                }
              />
            </div>
            <p>
              3. If the login is successful then you will be shown a confirmation notification, otherwise an error screen will be displayed.
            </p>
            <div
              className="centerStyle"
              style={
                Object {
                  "paddingTop": "15px",
                }
              }
            >
              <Grid
                bsClass="container"
                className="divNoPadding"
                componentClass="div"
                fluid={false}
              >
                <Row
                  bsClass="row"
                  componentClass="div"
                >
                  <Col
                    bsClass="col"
                    componentClass="div"
                    lg={6}
                    md={6}
                  >
                    <Uncontrolled(Panel)>
                      <PanelHeading
                        bsClass="panel"
                        componentClass="div"
                      >
                        <PanelTitle
                          bsClass="panel"
                          componentClass="div"
                        >
                          If successful
                        </PanelTitle>
                      </PanelHeading>
                      <PanelBody
                        bsClass="panel"
                        className="centerStyle"
                        collapsible={false}
                      >
                        <img
                          alt="Login successful dialog"
                          src="successful-login.png"
                          style={
                            Object {
                              "align": "center",
                              "width": "300px",
                            }
                          }
                        />
                      </PanelBody>
                    </Uncontrolled(Panel)>
                  </Col>
                  <Col
                    bsClass="col"
                    componentClass="div"
                    lg={6}
                    md={6}
                  >
                    <Uncontrolled(Panel)>
                      <PanelHeading
                        bsClass="panel"
                        componentClass="div"
                      >
                        <PanelTitle
                          bsClass="panel"
                          componentClass="div"
                        >
                          If unsuccessful
                        </PanelTitle>
                      </PanelHeading>
                      <PanelBody
                        bsClass="panel"
                        className="centerStyle"
                        collapsible={false}
                      >
                        <img
                          alt="Login unsuccessful dialog"
                          src="unsuccessful-dialog.png"
                          style={
                            Object {
                              "align": "center",
                              "width": "320px",
                            }
                          }
                        />
                      </PanelBody>
                    </Uncontrolled(Panel)>
                  </Col>
                </Row>
              </Grid>
            </div>
          </div>
          <BackButton
            link="/help/account"
          />
        </Col>
      </Row>
    </Grid>
  </div>
</div>
`;
